[2026-09-07T10:04:46] Starting watch: repo=parttimenerd/download-count-experiment tag=v-full-1 current_count=0
[2026-09-07T10:04:46] Downloading https://github.com/parttimenerd/download-count-experiment/releases/download/v-full-1/release-1mb.bin ...
[2026-09-07T10:04:47] Download 1 complete: 1,048,576 bytes in 0.8s
[2026-09-07T10:04:47] Polling every 15s until counter increments (timeout: 4.0h)...
[2026-09-07T10:05:03] Poll #1 (+16s after download): count=0
[2026-09-07T10:05:18] Poll #2 (+31s after download): count=0
[2026-09-07T10:05:34] Poll #3 (+47s after download): count=0
[2026-09-07T10:05:49] Poll #4 (+62s after download): count=0
[2026-09-07T10:06:05] Poll #5 (+78s after download): count=0
[2026-09-07T10:06:20] Poll #6 (+93s after download): count=0
[2026-09-07T10:06:36] Poll #7 (+109s after download): count=0
[2026-09-07T10:06:51] Poll #8 (+124s after download): count=0
[2026-09-07T10:07:07] Poll #9 (+140s after download): count=0
[2026-09-07T10:07:23] Poll #10 (+155s after download): count=0
[2026-09-07T10:07:38] Poll #11 (+171s after download): count=0
[2026-09-07T10:07:54] Poll #12 (+186s after download): count=0
[2026-09-07T10:08:09] Poll #13 (+202s after download): count=0
[2026-09-07T10:08:25] Poll #14 (+218s after download): count=0
[2026-09-07T10:08:40] Poll #15 (+233s after download): count=0
[2026-09-07T10:08:56] Poll #16 (+249s after download): count=0
[2026-09-07T10:09:12] Poll #17 (+264s after download): count=0
[2026-09-07T10:09:27] Poll #18 (+280s after download): count=0
[2026-09-07T10:09:43] Poll #19 (+296s after download): count=0
[2026-09-07T10:09:58] Poll #20 (+311s after download): count=0
[2026-09-07T10:10:14] Poll #21 (+327s after download): count=0
[2026-09-07T10:10:29] Poll #22 (+342s after download): count=0
[2026-09-07T10:10:45] Poll #23 (+358s after download): count=0
[2026-09-07T10:11:01] Poll #24 (+373s after download): count=0
[2026-09-07T10:11:16] Poll #25 (+389s after download): count=0
[2026-09-07T10:11:31] Poll #26 (+404s after download): count=0
[2026-09-07T10:11:47] Poll #27 (+420s after download): count=0
[2026-09-07T10:12:03] Poll #28 (+435s after download): count=0
[2026-09-07T10:12:18] Poll #29 (+451s after download): count=0
[2026-09-07T10:12:35] Poll #30 (+467s after download): count=0
[2026-09-07T10:12:50] Poll #31 (+483s after download): count=0
[2026-09-07T10:13:06] Poll #32 (+498s after download): count=0
[2026-09-07T10:13:21] Poll #33 (+514s after download): count=0
[2026-09-07T10:13:37] Poll #34 (+530s after download): count=0
[2026-09-07T10:13:53] Poll #35 (+545s after download): count=0
[2026-09-07T10:14:08] Poll #36 (+561s after download): count=0
[2026-09-07T10:14:24] Poll #37 (+577s after download): count=0
[2026-09-07T10:14:39] Poll #38 (+592s after download): count=0
[2026-09-07T10:14:55] Poll #39 (+608s after download): count=0
[2026-09-07T10:15:11] Poll #40 (+623s after download): count=1
[2026-09-07T10:15:11] [COUNTER UPDATED] 0 → 1 — 623s after last download
